2026-05-03T14:19:41 phase=1a round=1 action=draft-start agents=spec-manager,spec-designer,spec-architect
2026-05-03T14:26:05 phase=1a round=1 action=draft-complete agents=spec-manager,spec-designer,spec-architect
2026-05-03T14:26:05 phase=1b round=1 action=review-start
2026-05-03T14:31:30 phase=1b round=1 action=review-complete agree=none disagree=spec-manager,spec-designer,spec-architect critical=3 important=16
2026-05-03T14:43:56 phase=1b round=1 action=revisions-complete
2026-05-03T14:43:56 phase=1b round=2 action=review-start
2026-05-03T14:49:26 phase=1b round=2 action=review-complete agree=none disagree=spec-manager,spec-designer,spec-architect critical=0 important=9
2026-05-03T14:59:32 phase=1b round=2 action=revisions-complete
2026-05-03T14:59:32 phase=1b round=3 action=review-start
2026-05-03T15:03:51 phase=1b round=3 action=review-complete agree=spec-manager disagree=spec-designer,spec-architect critical=0 important=3
2026-05-03T15:09:58 phase=1b round=3 action=revisions-complete
2026-05-03T15:09:58 phase=1b round=4 action=review-start
2026-05-03T15:13:51 phase=1b round=4 action=converged agree=spec-designer,spec-architect manager-nit=2 critical=0 important=0
2026-05-03T15:13:51 phase=1 status=complete
2026-05-03T15:14:15 phase=2a round=1 action=draft-start agents=engineer-security,engineer-reliability,engineer-data
2026-05-03T15:32:00 phase=2a action=draft-complete
2026-05-03T15:32:00 phase=2b round=1 action=review-start
2026-05-03T15:39:46 phase=2b round=1 action=review-complete agree=engineer-security,engineer-reliability disagree=engineer-data critical=0 important=2
2026-05-03T15:39:46 phase=2c action=reconcile-start agent=spec-architect
2026-05-03T15:48:25 phase=2c action=reconcile-complete
2026-05-03T15:48:25 phase=2d round=2 action=review-start
2026-05-03T15:52:31 phase=2d round=2 action=converged agree=engineer-security,engineer-reliability,engineer-data critical=0 important=0 nits=4
2026-05-03T15:52:31 phase=2 status=complete
2026-05-03T15:52:54 phase=3 action=build-start agent=engineer-builder
2026-05-03T16:31:37 phase=3 action=build-complete tests=21/21 evals=5/5
2026-05-03T16:31:37 phase=4 round=1 action=review-start
2026-05-03T17:01:50 phase=4 round=1 action=review-complete scores=manager:3,designer:4,architect:3,security:3,reliability:3,data:3 critical=0 important=9
2026-05-03T17:20:32 phase=4 round=1 action=builder-fix-complete tests=28/28 evals=5/5
2026-05-03T17:20:32 phase=4 round=2 action=review-start
2026-05-03T17:33:52 phase=4 round=2 action=review-complete scores=manager:2,designer:3,architect:2,security:3,reliability:4,data:2 critical=0 important=7
2026-05-03T17:43:23 phase=4 round=2 action=builder-fix-complete tests=29
2026-05-03T17:43:23 phase=4 round=3 action=review-start
2026-05-03T17:49:19 phase=4 round=3 action=converged scores=manager:2,designer:2,architect:2,security:2,reliability:2,data:2 critical=0 important=0
2026-05-03T17:49:19 phase=4 status=complete
2026-05-03T17:49:19 workflow status=complete
